###############################################################################
#
# IAR ELF Linker V8.40.1.212/W32 for ARM                  15/Dec/2020  17:05:32
# Copyright 2007-2019 IAR Systems AB.
#
#    Output file  =
#        C:\Repos\embsys310\Project\ButtonLedProject\EWARM\ButtonLedProject\Exe\ButtonLedProject.out
#    Map file     =
#        C:\Repos\embsys310\Project\ButtonLedProject\EWARM\ButtonLedProject\List\ButtonLedProject.map
#    Command line =
#        -f C:\Users\abhil\AppData\Local\Temp\EW96E1.tmp
#        (C:\Repos\embsys310\Project\ButtonLedProject\EWARM\ButtonLedProject\Obj\main.o
#        C:\Repos\embsys310\Project\ButtonLedProject\EWARM\ButtonLedProject\Obj\startup_stm32l475xx.o
#        C:\Repos\embsys310\Project\ButtonLedProject\EWARM\ButtonLedProject\Obj\stm32l4xx_hal.o
#        C:\Repos\embsys310\Project\ButtonLedProject\EWARM\ButtonLedProject\Obj\stm32l4xx_hal_cortex.o
#        C:\Repos\embsys310\Project\ButtonLedProject\EWARM\ButtonLedProject\Obj\stm32l4xx_hal_dma.o
#        C:\Repos\embsys310\Project\ButtonLedProject\EWARM\ButtonLedProject\Obj\stm32l4xx_hal_dma_ex.o
#        C:\Repos\embsys310\Project\ButtonLedProject\EWARM\ButtonLedProject\Obj\stm32l4xx_hal_exti.o
#        C:\Repos\embsys310\Project\ButtonLedProject\EWARM\ButtonLedProject\Obj\stm32l4xx_hal_flash.o
#        C:\Repos\embsys310\Project\ButtonLedProject\EWARM\ButtonLedProject\Obj\stm32l4xx_hal_flash_ex.o
#        C:\Repos\embsys310\Project\ButtonLedProject\EWARM\ButtonLedProject\Obj\stm32l4xx_hal_flash_ramfunc.o
#        C:\Repos\embsys310\Project\ButtonLedProject\EWARM\ButtonLedProject\Obj\stm32l4xx_hal_gpio.o
#        C:\Repos\embsys310\Project\ButtonLedProject\EWARM\ButtonLedProject\Obj\stm32l4xx_hal_i2c.o
#        C:\Repos\embsys310\Project\ButtonLedProject\EWARM\ButtonLedProject\Obj\stm32l4xx_hal_i2c_ex.o
#        C:\Repos\embsys310\Project\ButtonLedProject\EWARM\ButtonLedProject\Obj\stm32l4xx_hal_msp.o
#        C:\Repos\embsys310\Project\ButtonLedProject\EWARM\ButtonLedProject\Obj\stm32l4xx_hal_pwr.o
#        C:\Repos\embsys310\Project\ButtonLedProject\EWARM\ButtonLedProject\Obj\stm32l4xx_hal_pwr_ex.o
#        C:\Repos\embsys310\Project\ButtonLedProject\EWARM\ButtonLedProject\Obj\stm32l4xx_hal_rcc.o
#        C:\Repos\embsys310\Project\ButtonLedProject\EWARM\ButtonLedProject\Obj\stm32l4xx_hal_rcc_ex.o
#        C:\Repos\embsys310\Project\ButtonLedProject\EWARM\ButtonLedProject\Obj\stm32l4xx_hal_tim.o
#        C:\Repos\embsys310\Project\ButtonLedProject\EWARM\ButtonLedProject\Obj\stm32l4xx_hal_tim_ex.o
#        C:\Repos\embsys310\Project\ButtonLedProject\EWARM\ButtonLedProject\Obj\stm32l4xx_it.o
#        C:\Repos\embsys310\Project\ButtonLedProject\EWARM\ButtonLedProject\Obj\system_stm32l4xx.o
#        --redirect _Printf=_PrintfFull --redirect _Scanf=_ScanfFull
#        --no_out_extension -o
#        C:\Repos\embsys310\Project\ButtonLedProject\EWARM\ButtonLedProject\Exe\ButtonLedProject.out
#        --map
#        C:\Repos\embsys310\Project\ButtonLedProject\EWARM\ButtonLedProject\List\ButtonLedProject.map
#        --config
#        C:\Repos\embsys310\Project\ButtonLedProject\EWARM/stm32l475xx_flash.icf
#        --semihosting --entry __iar_program_start --vfe --text_out locale)
#
###############################################################################

*******************************************************************************
*** RUNTIME MODEL ATTRIBUTES
***

CppFlavor       = *
__SystemLibrary = DLib
__dlib_version  = 6


*******************************************************************************
*** HEAP SELECTION
***

The basic heap was selected because some modules are built with
size limitations (and not runtime checking), and --advanced_heap
was not specified.


*******************************************************************************
*** PLACEMENT SUMMARY
***

"A0":  place at address 0x800'0000 { ro section .intvec };
"P1":  place in [from 0x800'0000 to 0x80f'ffff] { ro };
define block CSTACK with size = 1K, alignment = 8 { };
define block HEAP with size = 512, alignment = 8 { };
"P2":  place in [from 0x2000'0000 to 0x2001'7fff] {
          rw, block CSTACK, block HEAP };
"P3":  place in [from 0x2000'0000 to 0x2001'7fff] { };
initialize by copy { rw };

  Section            Kind         Address    Size  Object
  -------            ----         -------    ----  ------
"A0":                                       0x188
  .intvec            ro code   0x800'0000   0x188  startup_stm32l475xx.o [1]
                             - 0x800'0188   0x188

"P1":                                      0x1ae4
  .text              ro code   0x800'0188   0x73a  stm32l4xx_hal_tim.o [1]
  .text              ro code   0x800'08c2    0x3a  zero_init3.o [4]
  .text              ro code   0x800'08fc    0xf0  stm32l4xx_hal_msp.o [1]
  .text              ro code   0x800'09ec     0x2  stm32l4xx_hal_tim.o [1]
  .text              ro code   0x800'09ee    0x14  memset.o [4]
  .text              ro code   0x800'0a02    0x2e  copy_init3.o [4]
  .text              ro code   0x800'0a30   0x210  stm32l4xx_hal_gpio.o [1]
  .text              ro code   0x800'0c40    0x66  ABImemset.o [4]
  .text              ro code   0x800'0ca8   0x334  main.o [1]
  .text              ro code   0x800'0fdc    0x1e  stm32l4xx_hal.o [1]
  .text              ro code   0x800'0ffc    0xc8  stm32l4xx_hal_cortex.o [1]
  .text              ro code   0x800'10c4   0x118  stm32l4xx_hal_tim_ex.o [1]
  .text              ro code   0x800'11dc    0x28  stm32l4xx_hal.o [1]
  .text              ro code   0x800'1204   0x6bc  stm32l4xx_hal_rcc.o [1]
  .text              ro code   0x800'18c0    0x84  stm32l4xx_hal_pwr_ex.o [1]
  .text              ro code   0x800'1944    0x44  stm32l4xx_hal.o [1]
  .text              ro code   0x800'1988     0xc  stm32l4xx_hal.o [1]
  .text              ro code   0x800'1994    0x5c  system_stm32l4xx.o [1]
  .rodata            const     0x800'19f0    0x30  system_stm32l4xx.o [1]
  .text              ro code   0x800'1a20    0x28  data_init.o [4]
  .text              ro code   0x800'1a48    0x22  fpinit_M.o [3]
  .iar.init_table    const     0x800'1a6c    0x24  - Linker created -
  .text              ro code   0x800'1a90    0x1e  cmain.o [4]
  .text              ro code   0x800'1aae     0x4  low_level_init.o [2]
  .text              ro code   0x800'1ab2     0x4  exit.o [2]
  .text              ro code   0x800'1ab8     0xa  cexit.o [4]
  .text              ro code   0x800'1ac4    0x14  exit.o [5]
  .text              ro code   0x800'1ad8    0x1c  stm32l4xx_it.o [1]
  .text              ro code   0x800'1af4    0x10  stm32l4xx_hal.o [1]
  .text              ro code   0x800'1b04    0x10  startup_stm32l475xx.o [1]
  Initializer bytes  const     0x800'1b14    0x10  <for P2-P3-1>
  .text              ro code   0x800'1b24     0xc  cstartup_M.o [4]
  .text              ro code   0x800'1b30     0x4  startup_stm32l475xx.o [1]
  .text              ro code   0x800'1b34     0x4  startup_stm32l475xx.o [1]
  .text              ro code   0x800'1b38     0x4  startup_stm32l475xx.o [1]
  .text              ro code   0x800'1b3c     0x4  startup_stm32l475xx.o [1]
  .text              ro code   0x800'1b40     0x4  startup_stm32l475xx.o [1]
  .text              ro code   0x800'1b44     0x4  startup_stm32l475xx.o [1]
  .text              ro code   0x800'1b48     0x4  startup_stm32l475xx.o [1]
  .text              ro code   0x800'1b4c     0x4  startup_stm32l475xx.o [1]
  .text              ro code   0x800'1b50     0x4  startup_stm32l475xx.o [1]
  .text              ro code   0x800'1b54     0x4  startup_stm32l475xx.o [1]
  .text              ro code   0x800'1b58     0x4  startup_stm32l475xx.o [1]
  .text              ro code   0x800'1b5c     0x4  startup_stm32l475xx.o [1]
  .text              ro code   0x800'1b60     0x4  startup_stm32l475xx.o [1]
  .text              ro code   0x800'1b64     0x4  startup_stm32l475xx.o [1]
  .text              ro code   0x800'1b68     0x4  startup_stm32l475xx.o [1]
  .text              ro code   0x800'1b6c     0x4  startup_stm32l475xx.o [1]
  .text              ro code   0x800'1b70     0x4  startup_stm32l475xx.o [1]
  .text              ro code   0x800'1b74     0x4  startup_stm32l475xx.o [1]
  .text              ro code   0x800'1b78     0x4  startup_stm32l475xx.o [1]
  .text              ro code   0x800'1b7c     0x4  startup_stm32l475xx.o [1]
  .text              ro code   0x800'1b80     0x4  startup_stm32l475xx.o [1]
  .text              ro code   0x800'1b84     0x4  startup_stm32l475xx.o [1]
  .text              ro code   0x800'1b88     0x4  startup_stm32l475xx.o [1]
  .text              ro code   0x800'1b8c     0x4  startup_stm32l475xx.o [1]
  .text              ro code   0x800'1b90     0x4  startup_stm32l475xx.o [1]
  .text              ro code   0x800'1b94     0x4  startup_stm32l475xx.o [1]
  .text              ro code   0x800'1b98     0x4  startup_stm32l475xx.o [1]
  .text              ro code   0x800'1b9c     0x4  startup_stm32l475xx.o [1]
  .text              ro code   0x800'1ba0     0x4  startup_stm32l475xx.o [1]
  .text              ro code   0x800'1ba4     0x4  startup_stm32l475xx.o [1]
  .text              ro code   0x800'1ba8     0x4  startup_stm32l475xx.o [1]
  .text              ro code   0x800'1bac     0x4  startup_stm32l475xx.o [1]
  .text              ro code   0x800'1bb0     0x4  startup_stm32l475xx.o [1]
  .text              ro code   0x800'1bb4     0x4  startup_stm32l475xx.o [1]
  .text              ro code   0x800'1bb8     0x4  startup_stm32l475xx.o [1]
  .text              ro code   0x800'1bbc     0x4  startup_stm32l475xx.o [1]
  .text              ro code   0x800'1bc0     0x4  startup_stm32l475xx.o [1]
  .text              ro code   0x800'1bc4     0x4  startup_stm32l475xx.o [1]
  .text              ro code   0x800'1bc8     0x4  startup_stm32l475xx.o [1]
  .text              ro code   0x800'1bcc     0x4  startup_stm32l475xx.o [1]
  .text              ro code   0x800'1bd0     0x4  startup_stm32l475xx.o [1]
  .text              ro code   0x800'1bd4     0x4  startup_stm32l475xx.o [1]
  .text              ro code   0x800'1bd8     0x4  startup_stm32l475xx.o [1]
  .text              ro code   0x800'1bdc     0x4  startup_stm32l475xx.o [1]
  .text              ro code   0x800'1be0     0x4  startup_stm32l475xx.o [1]
  .text              ro code   0x800'1be4     0x4  startup_stm32l475xx.o [1]
  .text              ro code   0x800'1be8     0x4  startup_stm32l475xx.o [1]
  .text              ro code   0x800'1bec     0x4  startup_stm32l475xx.o [1]
  .text              ro code   0x800'1bf0     0x4  startup_stm32l475xx.o [1]
  .text              ro code   0x800'1bf4     0x4  startup_stm32l475xx.o [1]
  .text              ro code   0x800'1bf8     0x4  startup_stm32l475xx.o [1]
  .text              ro code   0x800'1bfc     0x4  startup_stm32l475xx.o [1]
  .text              ro code   0x800'1c00     0x4  startup_stm32l475xx.o [1]
  .text              ro code   0x800'1c04     0x4  startup_stm32l475xx.o [1]
  .text              ro code   0x800'1c08     0x4  startup_stm32l475xx.o [1]
  .text              ro code   0x800'1c0c     0x4  startup_stm32l475xx.o [1]
  .text              ro code   0x800'1c10     0x4  startup_stm32l475xx.o [1]
  .text              ro code   0x800'1c14     0x4  startup_stm32l475xx.o [1]
  .text              ro code   0x800'1c18     0x4  startup_stm32l475xx.o [1]
  .text              ro code   0x800'1c1c     0x4  startup_stm32l475xx.o [1]
  .text              ro code   0x800'1c20     0x4  startup_stm32l475xx.o [1]
  .text              ro code   0x800'1c24     0x4  startup_stm32l475xx.o [1]
  .text              ro code   0x800'1c28     0x4  startup_stm32l475xx.o [1]
  .text              ro code   0x800'1c2c     0x4  startup_stm32l475xx.o [1]
  .text              ro code   0x800'1c30     0x4  startup_stm32l475xx.o [1]
  .text              ro code   0x800'1c34     0x4  startup_stm32l475xx.o [1]
  .text              ro code   0x800'1c38     0x4  startup_stm32l475xx.o [1]
  .text              ro code   0x800'1c3c     0x4  startup_stm32l475xx.o [1]
  .text              ro code   0x800'1c40     0x4  startup_stm32l475xx.o [1]
  .text              ro code   0x800'1c44     0x4  startup_stm32l475xx.o [1]
  .text              ro code   0x800'1c48     0x4  startup_stm32l475xx.o [1]
  .text              ro code   0x800'1c4c     0x4  startup_stm32l475xx.o [1]
  .text              ro code   0x800'1c50     0x4  startup_stm32l475xx.o [1]
  .text              ro code   0x800'1c54     0x4  startup_stm32l475xx.o [1]
  .text              ro code   0x800'1c58     0x4  startup_stm32l475xx.o [1]
  .text              ro code   0x800'1c5c     0x4  startup_stm32l475xx.o [1]
  .text              ro code   0x800'1c60     0x4  startup_stm32l475xx.o [1]
  .text              ro code   0x800'1c64     0x4  startup_stm32l475xx.o [1]
  .text              ro code   0x800'1c68     0x4  startup_stm32l475xx.o [1]
  .rodata            const     0x800'1c6c     0x0  zero_init3.o [4]
  .rodata            const     0x800'1c6c     0x0  copy_init3.o [4]
                             - 0x800'1c6c  0x1ae4

"P2-P3", part 1 of 3:                        0x10
  P2-P3-1                     0x2000'0000    0x10  <Init block>
    .data            inited   0x2000'0000     0xc  stm32l4xx_hal.o [1]
    .data            inited   0x2000'000c     0x4  system_stm32l4xx.o [1]
                            - 0x2000'0010    0x10

"P2-P3", part 2 of 3:                        0x9c
  .bss               zero     0x2000'0010    0x9c  main.o [1]
                            - 0x2000'00ac    0x9c

"P2-P3", part 3 of 3:                       0x400
  CSTACK                      0x2000'00b0   0x400  <Block>
    CSTACK           uninit   0x2000'00b0   0x400  <Block tail>
                            - 0x2000'04b0   0x400

Unused ranges:

         From           To      Size
         ----           --      ----
   0x800'1c6c   0x80f'ffff  0xf'e394
  0x2000'00ac  0x2000'00af       0x4
  0x2000'04b0  0x2001'7fff  0x1'7b50


*******************************************************************************
*** INIT TABLE
***

          Address      Size
          -------      ----
Zero (__iar_zero_init3)
    1 destination range, total size 0x9c:
          0x2000'0010  0x9c

Copy (__iar_copy_init3)
    1 source range, total size 0x10:
           0x800'1b14  0x10
    1 destination range, total size 0x10:
          0x2000'0000  0x10



*******************************************************************************
*** MODULE SUMMARY
***

    Module                  ro code  ro data  rw data
    ------                  -------  -------  -------
command line/config:
    -------------------------------------------------
    Total:

C:\Repos\embsys310\Project\ButtonLedProject\EWARM\ButtonLedProject\Obj: [1]
    main.o                      820               156
    startup_stm32l475xx.o       724
    stm32l4xx_hal.o             166       12       12
    stm32l4xx_hal_cortex.o      200
    stm32l4xx_hal_gpio.o        528
    stm32l4xx_hal_msp.o         240
    stm32l4xx_hal_pwr_ex.o      132
    stm32l4xx_hal_rcc.o       1'724
    stm32l4xx_hal_tim.o       1'852
    stm32l4xx_hal_tim_ex.o      280
    stm32l4xx_it.o               28
    system_stm32l4xx.o           92       52        4
    -------------------------------------------------
    Total:                    6'786       64      172

dl7M_tln.a: [2]
    exit.o                        4
    low_level_init.o              4
    -------------------------------------------------
    Total:                        8

m7M_tls.a: [3]
    fpinit_M.o                   34
    -------------------------------------------------
    Total:                       34

rt7M_tl.a: [4]
    ABImemset.o                 102
    cexit.o                      10
    cmain.o                      30
    copy_init3.o                 46
    cstartup_M.o                 12
    data_init.o                  40
    memset.o                     20
    zero_init3.o                 58
    -------------------------------------------------
    Total:                      318

shb_l.a: [5]
    exit.o                       20
    -------------------------------------------------
    Total:                       20

    Gaps                          8        2
    Linker created                        36    1'024
-----------------------------------------------------
    Grand Total:              7'174      102    1'196


*******************************************************************************
*** ENTRY LIST
***

Entry                       Address   Size  Type      Object
-----                       -------   ----  ----      ------
.iar.init_table$$Base    0x800'1a6c          --   Gb  - Linker created -
.iar.init_table$$Limit   0x800'1a90          --   Gb  - Linker created -
?main                    0x800'1a91         Code  Gb  cmain.o [4]
AHBPrescTable            0x800'19e0   0x10  Data  Gb  system_stm32l4xx.o [1]
BusFault_Handler         0x800'1adf    0x2  Code  Gb  stm32l4xx_it.o [1]
CSTACK$$Base            0x2000'00b0          --   Gb  - Linker created -
CSTACK$$Limit           0x2000'04b0          --   Gb  - Linker created -
DebugMon_Handler         0x800'1ae5    0x2  Code  Gb  stm32l4xx_it.o [1]
EXTI15_10_IRQHandler     0x800'1aed    0x8  Code  Gb  stm32l4xx_it.o [1]
HAL_Delay                0x800'11dd   0x28  Code  Wk  stm32l4xx_hal.o [1]
HAL_GPIO_EXTI_Callback   0x800'0f51   0x2e  Code  Gb  main.o [1]
HAL_GPIO_EXTI_IRQHandler
                         0x800'0c07   0x10  Code  Gb  stm32l4xx_hal_gpio.o [1]
HAL_GPIO_Init            0x800'0a31  0x1bc  Code  Gb  stm32l4xx_hal_gpio.o [1]
HAL_GPIO_TogglePin       0x800'0bf7   0x10  Code  Gb  stm32l4xx_hal_gpio.o [1]
HAL_GPIO_WritePin        0x800'0bed    0xa  Code  Gb  stm32l4xx_hal_gpio.o [1]
HAL_GetTick              0x800'1989    0xc  Code  Wk  stm32l4xx_hal.o [1]
HAL_IncTick              0x800'1af5   0x10  Code  Wk  stm32l4xx_hal.o [1]
HAL_Init                 0x800'0fdd   0x1e  Code  Gb  stm32l4xx_hal.o [1]
HAL_InitTick             0x800'1945   0x44  Code  Wk  stm32l4xx_hal.o [1]
HAL_MspInit              0x800'08fd   0x2c  Code  Gb  stm32l4xx_hal_msp.o [1]
HAL_NVIC_EnableIRQ       0x800'106d   0x16  Code  Gb  stm32l4xx_hal_cortex.o [1]
HAL_NVIC_SetPriority     0x800'1031   0x3a  Code  Gb  stm32l4xx_hal_cortex.o [1]
HAL_NVIC_SetPriorityGrouping
                         0x800'1017   0x1a  Code  Gb  stm32l4xx_hal_cortex.o [1]
HAL_PWREx_ControlVoltageScaling
                         0x800'18cd   0x5c  Code  Gb  stm32l4xx_hal_pwr_ex.o [1]
HAL_PWREx_GetVoltageRange
                         0x800'18c1    0xc  Code  Gb  stm32l4xx_hal_pwr_ex.o [1]
HAL_RCC_ClockConfig      0x800'166f  0x100  Code  Gb  stm32l4xx_hal_rcc.o [1]
HAL_RCC_GetSysClockFreq
                         0x800'1783   0x92  Code  Gb  stm32l4xx_hal_rcc.o [1]
HAL_RCC_OscConfig        0x800'1205  0x43e  Code  Gb  stm32l4xx_hal_rcc.o [1]
HAL_SYSTICK_Config       0x800'1083   0x28  Code  Gb  stm32l4xx_hal_cortex.o [1]
HAL_TIMEx_ConfigBreakDeadTime
                         0x800'113f   0x84  Code  Gb  stm32l4xx_hal_tim_ex.o [1]
HAL_TIMEx_MasterConfigSynchronization
                         0x800'10c5   0x7a  Code  Gb  stm32l4xx_hal_tim_ex.o [1]
HAL_TIM_Base_Init        0x800'0189   0x1a  Code  Gb  stm32l4xx_hal_tim.o [1]
HAL_TIM_Base_MspInit     0x800'0929   0x3a  Code  Gb  stm32l4xx_hal_msp.o [1]
HAL_TIM_ConfigClockSource
                         0x800'0443   0x90  Code  Gb  stm32l4xx_hal_tim.o [1]
HAL_TIM_MspPostInit      0x800'0963   0x6e  Code  Gb  stm32l4xx_hal_msp.o [1]
HAL_TIM_PWM_ConfigChannel
                         0x800'0335  0x102  Code  Gb  stm32l4xx_hal_tim.o [1]
HAL_TIM_PWM_Init         0x800'01cd   0x1a  Code  Gb  stm32l4xx_hal_tim.o [1]
HAL_TIM_PWM_Start        0x800'01e7   0xc8  Code  Gb  stm32l4xx_hal_tim.o [1]
HardFault_Handler        0x800'1adb    0x2  Code  Gb  stm32l4xx_it.o [1]
MSIRangeTable            0x800'19f0   0x30  Data  Gb  system_stm32l4xx.o [1]
MemManage_Handler        0x800'1add    0x2  Code  Gb  stm32l4xx_it.o [1]
NMI_Handler              0x800'1ad9    0x2  Code  Gb  stm32l4xx_it.o [1]
PendSV_Handler           0x800'1ae7    0x2  Code  Gb  stm32l4xx_it.o [1]
RCC_SetFlashLatencyFromMSIRange
                         0x800'1815   0x74  Code  Lc  stm32l4xx_hal_rcc.o [1]
Region$$Table$$Base      0x800'1a6c          --   Gb  - Linker created -
Region$$Table$$Limit     0x800'1a90          --   Gb  - Linker created -
SVC_Handler              0x800'1ae3    0x2  Code  Gb  stm32l4xx_it.o [1]
SysTick_Handler          0x800'1ae9    0x4  Code  Gb  stm32l4xx_it.o [1]
SystemClock_Config       0x800'0f01   0x50  Code  Gb  main.o [1]
SystemCoreClock         0x2000'000c    0x4  Data  Gb  system_stm32l4xx.o [1]
SystemInit               0x800'1995   0x3c  Code  Gb  system_stm32l4xx.o [1]
TIM_Base_SetConfig       0x800'04fd   0xac  Code  Gb  stm32l4xx_hal_tim.o [1]
TIM_CCxChannelCmd        0x800'08a7   0x16  Code  Gb  stm32l4xx_hal_tim.o [1]
TIM_ETR_SetConfig        0x800'0893   0x14  Code  Gb  stm32l4xx_hal_tim.o [1]
TIM_ITRx_SetConfig       0x800'0883   0x10  Code  Lc  stm32l4xx_hal_tim.o [1]
TIM_OC1_SetConfig        0x800'05a9   0x82  Code  Lc  stm32l4xx_hal_tim.o [1]
TIM_OC2_SetConfig        0x800'062b   0x72  Code  Gb  stm32l4xx_hal_tim.o [1]
TIM_OC3_SetConfig        0x800'069d   0x70  Code  Lc  stm32l4xx_hal_tim.o [1]
TIM_OC4_SetConfig        0x800'070d   0x4e  Code  Lc  stm32l4xx_hal_tim.o [1]
TIM_OC5_SetConfig        0x800'075b   0x54  Code  Lc  stm32l4xx_hal_tim.o [1]
TIM_OC6_SetConfig        0x800'07af   0x4e  Code  Lc  stm32l4xx_hal_tim.o [1]
TIM_TI1_ConfigInputStage
                         0x800'0841   0x1e  Code  Lc  stm32l4xx_hal_tim.o [1]
TIM_TI2_ConfigInputStage
                         0x800'085f   0x24  Code  Lc  stm32l4xx_hal_tim.o [1]
UsageFault_Handler       0x800'1ae1    0x2  Code  Gb  stm32l4xx_it.o [1]
__NVIC_SetPriority       0x800'0ffd   0x1a  Code  Lc  stm32l4xx_hal_cortex.o [1]
__aeabi_memset           0x800'0c41         Code  Gb  ABImemset.o [4]
__cmain                  0x800'1a91         Code  Gb  cmain.o [4]
__exit                   0x800'1ac5   0x14  Code  Gb  exit.o [5]
__iar_Memset             0x800'0c41         Code  Gb  ABImemset.o [4]
__iar_Memset_word        0x800'0c49         Code  Gb  ABImemset.o [4]
__iar_copy_init3         0x800'0a03   0x2e  Code  Gb  copy_init3.o [4]
__iar_data_init3         0x800'1a21   0x28  Code  Gb  data_init.o [4]
__iar_init_vfp           0x800'1a49         Code  Gb  fpinit_M.o [3]
__iar_program_start      0x800'1b25         Code  Gb  cstartup_M.o [4]
__iar_zero_init3         0x800'08c3   0x3a  Code  Gb  zero_init3.o [4]
__low_level_init         0x800'1aaf    0x4  Code  Gb  low_level_init.o [2]
__vector_table           0x800'0000         Data  Gb  startup_stm32l475xx.o [1]
_call_main               0x800'1a9d         Code  Gb  cmain.o [4]
_exit                    0x800'1ab9         Code  Gb  cexit.o [4]
_main                    0x800'1aab         Code  Gb  cmain.o [4]
configure_led_gpio_state
                         0x800'0f7f   0x44  Code  Gb  main.o [1]
exit                     0x800'1ab3    0x4  Code  Gb  exit.o [2]
htim15                  0x2000'0060   0x4c  Data  Gb  main.o [1]
htim2                   0x2000'0014   0x4c  Data  Gb  main.o [1]
main                     0x800'0ca9  0x21c  Code  Gb  main.o [1]
memset                   0x800'09ef   0x14  Code  Gb  memset.o [4]
state_machine           0x2000'0010    0x1  Data  Gb  main.o [1]
uwTick                  0x2000'0004    0x4  Data  Gb  stm32l4xx_hal.o [1]
uwTickFreq              0x2000'0000    0x1  Data  Gb  stm32l4xx_hal.o [1]
uwTickPrio              0x2000'0008    0x4  Data  Gb  stm32l4xx_hal.o [1]


[1] = C:\Repos\embsys310\Project\ButtonLedProject\EWARM\ButtonLedProject\Obj
[2] = dl7M_tln.a
[3] = m7M_tls.a
[4] = rt7M_tl.a
[5] = shb_l.a

  7'174 bytes of readonly  code memory
    102 bytes of readonly  data memory
  1'196 bytes of readwrite data memory

Errors: none
Warnings: none
